Script started on 2022-06-24 17:12:42+05:30 [TERM="xterm-256color" TTY="/dev/pts/0" COLUMNS="172" LINES="40"]
]0;sakshi@TIGER0752: ~[01;32msakshi@TIGER0752[00m:[01;34m~[00m$ sudo apt install git
[sudo] password for sakshi: 
Reading package lists... 0%Reading package lists... 100%Reading package lists... Done
Building dependency tree... 0%Building dependency tree... 0%Building dependency tree... 50%Building dependency tree... 50%Building dependency tree       
Reading state information... 0%Reading state information... 0%Reading state information... Done
Suggested packages:
  git-daemon-run | git-daemon-sysvinit git-doc git-el git-email git-gui gitk gitweb git-cvs git-mediawiki git-svn
The following packages will be upgraded:
  git
1 upgraded, 0 newly installed, 0 to remove and 92 not upgraded.
Need to get 4560 kB of archives.
After this operation, 12.3 kB of additional disk space will be used.
[33m0% [Working][0m[33m0% [Connecting to archive.ubuntu.com (185.125.190.39)][0m                                                      Get:1 http://archive.ubuntu.com/ubuntu focal-updates/main amd64 git amd64 1:2.25.1-1ubuntu3.4 [4560 kB]
[33m                                                      0% [1 git 3579 B/4560 kB 0%][0m[33m1% [1 git 56.4 kB/4560 kB 1%][0m[33m                             5% [1 git 274 kB/4560 kB 6%][0m[33m16% [1 git 940 kB/4560 kB 21%][0m[33m28% [1 git 1608 kB/4560 kB 35%][0m[33m39% [1 git 2229 kB/4560 kB 49%][0m[33m49% [1 git 2815 kB/4560 kB 62%][0m[33m56% [1 git 3208 kB/4560 kB 70%][0m[33m70% [1 git 3972 kB/4560 kB 87%][0m[33m                               100% [Working][0m              Fetched 4560 kB in 5s (893 kB/s)

7[0;39r8[1A(Reading database ... (Reading database ... 5%(Reading database ... 10%(Reading database ... 15%(Reading database ... 20%(Reading database ... 25%(Reading database ... 30%(Reading database ... 35%(Reading database ... 40%(Reading database ... 45%(Reading database ... 50%(Reading database ... 55%(Reading database ... 60%(Reading database ... 65%(Reading database ... 70%(Reading database ... 75%(Reading database ... 80%(Reading database ... 85%(Reading database ... 90%(Reading database ... 95%(Reading database ... 100%(Reading database ... 32499 files and directories currently installed.)
Preparing to unpack .../git_1%3a2.25.1-1ubuntu3.4_amd64.deb ...
7[40;0f[42m[30mProgress: [  0%][49m[39m [......................................................................................................................................................] 87[40;0f[42m[30mProgress: [ 20%][49m[39m [##############################........................................................................................................................] 8Unpacking git (1:2.25.1-1ubuntu3.4) over (1:2.25.1-1ubuntu3.2) ...
7[40;0f[42m[30mProgress: [ 40%][49m[39m [############################################################..........................................................................................] 8Setting up git (1:2.25.1-1ubuntu3.4) ...
7[40;0f[42m[30mProgress: [ 60%][49m[39m [##########################################################################################............................................................] 87[40;0f[42m[30mProgress: [ 80%][49m[39m [########################################################################################################################..............................] 8
7[0;40r8[1A[J]0;sakshi@TIGER0752: ~[01;32msakshi@TIGER0752[00m:[01;34m~[00m$ git --version
git version 2.25.1
]0;sakshi@TIGER0752: ~[01;32msakshi@TIGER0752[00m:[01;34m~[00m$ git config --list --show-origin
[?1h=[K[?1l>]0;sakshi@TIGER0752: ~[01;32msakshi@TIGER0752[00m:[01;34m~[00m$ ls
my_unix_session
]0;sakshi@TIGER0752: ~[01;32msakshi@TIGER0752[00m:[01;34m~[00m$ git config --global user.name "John Doe"[1P"[1P"[1P"[1P"[1P"[1P"[1P"[1P"S"a"k"s"h"i" "G"u"o"[1P"p"t"a"
]0;sakshi@TIGER0752: ~[01;32msakshi@TIGER0752[00m:[01;34m~[00m$ git config --global user.email johndoe@example.com[K[K[K[K[K[K[K[K[K[K[K[K[K[K[K[K[K[K[Ksakshi.gupta3796@tigeranalytics.com
]0;sakshi@TIGER0752: ~[01;32msakshi@TIGER0752[00m:[01;34m~[00m$ git config --global core.editor emacs
]0;sakshi@TIGER0752: ~[01;32msakshi@TIGER0752[00m:[01;34m~[00m$ git config --global core.editor "'C:/Program Files/Notepad++/notepad++.exe' -multiInst -notabbar -nosession -noPlugin"
]0;sakshi@TIGER0752: ~[01;32msakshi@TIGER0752[00m:[01;34m~[00m$ git config --global init.defaultBranch main
]0;sakshi@TIGER0752: ~[01;32msakshi@TIGER0752[00m:[01;34m~[00m$ git config --list
[?1h=user.name=Sakshi Gupta[m
user.email=sakshi.gupta3796@tigeranalytics.com[m
core.editor='C:/Program Files/Notepad++/notepad++.exe' -multiInst -notabbar -nosession -noPlugin[m
init.defaultbranch=main[m
[K[?1l>]0;sakshi@TIGER0752: ~[01;32msakshi@TIGER0752[00m:[01;34m~[00m$ git config user.name
Sakshi Gupta
]0;sakshi@TIGER0752: ~[01;32msakshi@TIGER0752[00m:[01;34m~[00m$ git help <verb>
bash: syntax error near unexpected token `newline'
]0;sakshi@TIGER0752: ~[01;32msakshi@TIGER0752[00m:[01;34m~[00m$ git help config
[?1049h[22;0;0t[?1h=GIT-CONFIG(1)                                                                  Git Manual                                                                 GIT-CONFIG(1)[m
[m
[1mNAME[0m[m
       git-config - Get and set repository or global options[m
[m
[1mSYNOPSIS[0m[m
       [4mgit[24m [4mconfig[24m [<file-option>] [--type=<type>] [--show-origin] [-z|--null] name [value [value_regex]][m
       [4mgit[24m [4mconfig[24m [<file-option>] [--type=<type>] --add name value[m
       [4mgit[24m [4mconfig[24m [<file-option>] [--type=<type>] --replace-all name value [value_regex][m
       [4mgit[24m [4mconfig[24m [<file-option>] [--type=<type>] [--show-origin] [-z|--null] --get name [value_regex][m
       [4mgit[24m [4mconfig[24m [<file-option>] [--type=<type>] [--show-origin] [-z|--null] --get-all name [value_regex][m
       [4mgit[24m [4mconfig[24m [<file-option>] [--type=<type>] [--show-origin] [-z|--null] [--name-only] --get-regexp name_regex [value_regex][m
       [4mgit[24m [4mconfig[24m [<file-option>] [--type=<type>] [-z|--null] --get-urlmatch name URL[m
       [4mgit[24m [4mconfig[24m [<file-option>] --unset name [value_regex][m
       [4mgit[24m [4mconfig[24m [<file-option>] --unset-all name [value_regex][m
       [4mgit[24m [4mconfig[24m [<file-option>] --rename-section old_name new_name[m
       [4mgit[24m [4mconfig[24m [<file-option>] --remove-section name[m
       [4mgit[24m [4mconfig[24m [<file-option>] [--show-origin] [-z|--null] [--name-only] -l | --list[m
       [4mgit[24m [4mconfig[24m [<file-option>] --get-color name [default][m
       [4mgit[24m [4mconfig[24m [<file-option>] --get-colorbool name [stdout-is-tty][m
       [4mgit[24m [4mconfig[24m [<file-option>] -e | --edit[m
[m
[1mDESCRIPTION[0m[m
       You can query/set/replace/unset options with this command. The name is actually the section and the key separated by a dot, and the value will be escaped.[m
[m
       Multiple lines can be added to an option by using the [1m--add[0m option. If you want to update or unset an option which can occur on multiple lines, a POSIX regexp[m
       [1mvalue_regex[0m needs to be given. Only the existing values that match the regexp are updated or unset. If you want to handle the lines that do [1mnot[0m match the regex,[m
       just prepend a single exclamation mark in front (see also the section called “EXAMPLES”).[m
[m
       The [1m--type=<type>[0m option instructs [4mgit[24m [4mconfig[24m to ensure that incoming and outgoing values are canonicalize-able under the given <type>. If no [1m--type=<type>[0m is[m
       given, no canonicalization will be performed. Callers may unset an existing [1m--type[0m specifier with [1m--no-type[0m.[m
[m
       When reading, the values are read from the system, global and repository local configuration files by default, and options [1m--system[0m, [1m--global[0m, [1m--local[0m,[m
       [1m--worktree[0m and [1m--file[0m [1m<filename>[0m can be used to tell the command to read from only that location (see the section called “FILES”).[m
[m
       When writing, the new value is written to the repository local configuration file by default, and options [1m--system[0m, [1m--global[0m, [1m--worktree[0m, [1m--file[0m [1m<filename>[0m can[m
       be used to tell the command to write to that location (you can say [1m--local[0m but that is the default).[m
[m
       This command will fail with non-zero status upon error. Some exit codes are:[m
[7m Manual page git-config(1) line 1 (press h for help or q to quit)[27m[K[K[?1l>[?1049l[23;0;0t]0;sakshi@TIGER0752: ~[01;32msakshi@TIGER0752[00m:[01;34m~[00m$ git add -h
usage: git add [<options>] [--] <pathspec>...

    -n, --dry-run         dry run
    -v, --verbose         be verbose

    -i, --interactive     interactive picking
    -p, --patch           select hunks interactively
    -e, --edit            edit current diff and apply
    -f, --force           allow adding otherwise ignored files
    -u, --update          update tracked files
    --renormalize         renormalize EOL of tracked files (implies -u)
    -N, --intent-to-add   record only the fact that the path will be added later
    -A, --all             add changes from all tracked and untracked files
    --ignore-removal      ignore paths removed in the working tree (same as --no-all)
    --refresh             don't add, only refresh the index
    --ignore-errors       just skip files which cannot be added because of errors
    --ignore-missing      check if - even missing - files are ignored in dry run
    --chmod (+|-)x        override the executable bit of the listed files
    --pathspec-from-file <file>
                          read pathspec from file
    --pathspec-file-nul   with --pathspec-from-file, pathspec elements are separated with NUL character

]0;sakshi@TIGER0752: ~[01;32msakshi@TIGER0752[00m:[01;34m~[00m$ cd C:/Users/user/my_project
bash: cd: C:/Users/user/my_project: No such file or directory
]0;sakshi@TIGER0752: ~[01;32msakshi@TIGER0752[00m:[01;34m~[00m$ cd /home/user/my_project
bash: cd: /home/user/my_project: No such file or directory
]0;sakshi@TIGER0752: ~[01;32msakshi@TIGER0752[00m:[01;34m~[00m$ mkdir  /home/user/my_project
mkdir: cannot create directory ‘/home/user/my_project’: No such file or directory
]0;sakshi@TIGER0752: ~[01;32msakshi@TIGER0752[00m:[01;34m~[00m$ mkdir home
]0;sakshi@TIGER0752: ~[01;32msakshi@TIGER0752[00m:[01;34m~[00m$ cd home/
]0;sakshi@TIGER0752: ~/home[01;32msakshi@TIGER0752[00m:[01;34m~/home[00m$ mkdir user
]0;sakshi@TIGER0752: ~/home[01;32msakshi@TIGER0752[00m:[01;34m~/home[00m$ cd user/
]0;sakshi@TIGER0752: ~/home/user[01;32msakshi@TIGER0752[00m:[01;34m~/home/user[00m$ mkdir my_project
]0;sakshi@TIGER0752: ~/home/user[01;32msakshi@TIGER0752[00m:[01;34m~/home/user[00m$ cd my_project/
]0;sakshi@TIGER0752: ~/home/user/my_project[01;32msakshi@TIGER0752[00m:[01;34m~/home/user/my_project[00m$ git init
Initialized empty Git repository in /home/sakshi/home/user/my_project/.git/
]0;sakshi@TIGER0752: ~/home/user/my_project[01;32msakshi@TIGER0752[00m:[01;34m~/home/user/my_project[00m$ git add *.c
fatal: pathspec '*.c' did not match any files
]0;sakshi@TIGER0752: ~/home/user/my_project[01;32msakshi@TIGER0752[00m:[01;34m~/home/user/my_project[00m$ touch sampe[Kle.txt
]0;sakshi@TIGER0752: ~/home/user/my_project[01;32msakshi@TIGER0752[00m:[01;34m~/home/user/my_project[00m$ ls
sample.txt
]0;sakshi@TIGER0752: ~/home/user/my_project[01;32msakshi@TIGER0752[00m:[01;34m~/home/user/my_project[00m$ lstouch sample.txt[5Pgit add *.c
fatal: pathspec '*.c' did not match any files
]0;sakshi@TIGER0752: ~/home/user/my_project[01;32msakshi@TIGER0752[00m:[01;34m~/home/user/my_project[00m$ git add *.cls[Ktouch sample.txt[K[K[Kc
]0;sakshi@TIGER0752: ~/home/user/my_project[01;32msakshi@TIGER0752[00m:[01;34m~/home/user/my_project[00m$ touch sample.c[3Pgit add *.c
]0;sakshi@TIGER0752: ~/home/user/my_project[01;32msakshi@TIGER0752[00m:[01;34m~/home/user/my_project[00m$ git add LICENSE
fatal: pathspec 'LICENSE' did not match any files
]0;sakshi@TIGER0752: ~/home/user/my_project[01;32msakshi@TIGER0752[00m:[01;34m~/home/user/my_project[00m$ git commit -m 'Initial project version'
[master (root-commit) 4b936f4] Initial project version
 1 file changed, 0 insertions(+), 0 deletions(-)
 create mode 100644 sample.c
]0;sakshi@TIGER0752: ~/home/user/my_project[01;32msakshi@TIGER0752[00m:[01;34m~/home/user/my_project[00m$ git clone https://github.com/libgit2/libgit2
Cloning into 'libgit2'...
remote: Enumerating objects: 117455, done.[K
remote: Counting objects:   0% (1/117455)[Kremote: Counting objects:   1% (1175/117455)[Kremote: Counting objects:   2% (2350/117455)[Kremote: Counting objects:   3% (3524/117455)[Kremote: Counting objects:   4% (4699/117455)[Kremote: Counting objects:   5% (5873/117455)[Kremote: Counting objects:   6% (7048/117455)[Kremote: Counting objects:   7% (8222/117455)[Kremote: Counting objects:   8% (9397/117455)[Kremote: Counting objects:   9% (10571/117455)[Kremote: Counting objects:  10% (11746/117455)[Kremote: Counting objects:  11% (12921/117455)[Kremote: Counting objects:  12% (14095/117455)[Kremote: Counting objects:  13% (15270/117455)[Kremote: Counting objects:  14% (16444/117455)[Kremote: Counting objects:  15% (17619/117455)[Kremote: Counting objects:  16% (18793/117455)[Kremote: Counting objects:  17% (19968/117455)[Kremote: Counting objects:  18% (21142/117455)[Kremote: Counting objects:  19% (22317/117455)[Kremote: Counting objects:  20% (23491/117455)[Kremote: Counting objects:  21% (24666/117455)[Kremote: Counting objects:  22% (25841/117455)[Kremote: Counting objects:  23% (27015/117455)[Kremote: Counting objects:  24% (28190/117455)[Kremote: Counting objects:  25% (29364/117455)[Kremote: Counting objects:  26% (30539/117455)[Kremote: Counting objects:  27% (31713/117455)[Kremote: Counting objects:  28% (32888/117455)[Kremote: Counting objects:  29% (34062/117455)[Kremote: Counting objects:  30% (35237/117455)[Kremote: Counting objects:  31% (36412/117455)[Kremote: Counting objects:  32% (37586/117455)[Kremote: Counting objects:  33% (38761/117455)[Kremote: Counting objects:  34% (39935/117455)[Kremote: Counting objects:  35% (41110/117455)[Kremote: Counting objects:  36% (42284/117455)[Kremote: Counting objects:  37% (43459/117455)[Kremote: Counting objects:  38% (44633/117455)[Kremote: Counting objects:  39% (45808/117455)[Kremote: Counting objects:  40% (46982/117455)[Kremote: Counting objects:  41% (48157/117455)[Kremote: Counting objects:  42% (49332/117455)[Kremote: Counting objects:  43% (50506/117455)[Kremote: Counting objects:  44% (51681/117455)[Kremote: Counting objects:  45% (52855/117455)[Kremote: Counting objects:  46% (54030/117455)[Kremote: Counting objects:  47% (55204/117455)[Kremote: Counting objects:  48% (56379/117455)[Kremote: Counting objects:  49% (57553/117455)[Kremote: Counting objects:  50% (58728/117455)[Kremote: Counting objects:  51% (59903/117455)[Kremote: Counting objects:  52% (61077/117455)[Kremote: Counting objects:  53% (62252/117455)[Kremote: Counting objects:  54% (63426/117455)[Kremote: Counting objects:  55% (64601/117455)[Kremote: Counting objects:  56% (65775/117455)[Kremote: Counting objects:  57% (66950/117455)[Kremote: Counting objects:  58% (68124/117455)[Kremote: Counting objects:  59% (69299/117455)[Kremote: Counting objects:  60% (70473/117455)[Kremote: Counting objects:  61% (71648/117455)[Kremote: Counting objects:  62% (72823/117455)[Kremote: Counting objects:  63% (73997/117455)[Kremote: Counting objects:  64% (75172/117455)[Kremote: Counting objects:  65% (76346/117455)[Kremote: Counting objects:  66% (77521/117455)[Kremote: Counting objects:  67% (78695/117455)[Kremote: Counting objects:  68% (79870/117455)[Kremote: Counting objects:  69% (81044/117455)[Kremote: Counting objects:  70% (82219/117455)[Kremote: Counting objects:  71% (83394/117455)[Kremote: Counting objects:  72% (84568/117455)[Kremote: Counting objects:  73% (85743/117455)[Kremote: Counting objects:  74% (86917/117455)[Kremote: Counting objects:  75% (88092/117455)[Kremote: Counting objects:  76% (89266/117455)[Kremote: Counting objects:  77% (90441/117455)[Kremote: Counting objects:  78% (91615/117455)[Kremote: Counting objects:  79% (92790/117455)[Kremote: Counting objects:  80% (93964/117455)[Kremote: Counting objects:  81% (95139/117455)[Kremote: Counting objects:  82% (96314/117455)[Kremote: Counting objects:  83% (97488/117455)[Kremote: Counting objects:  84% (98663/117455)[Kremote: Counting objects:  85% (99837/117455)[Kremote: Counting objects:  86% (101012/117455)[Kremote: Counting objects:  87% (102186/117455)[Kremote: Counting objects:  88% (103361/117455)[Kremote: Counting objects:  89% (104535/117455)[Kremote: Counting objects:  90% (105710/117455)[Kremote: Counting objects:  91% (106885/117455)[Kremote: Counting objects:  92% (108059/117455)[Kremote: Counting objects:  93% (109234/117455)[Kremote: Counting objects:  94% (110408/117455)[Kremote: Counting objects:  95% (111583/117455)[Kremote: Counting objects:  96% (112757/117455)[Kremote: Counting objects:  97% (113932/117455)[Kremote: Counting objects:  98% (115106/117455)[Kremote: Counting objects:  99% (116281/117455)[Kremote: Counting objects: 100% (117455/117455)[Kremote: Counting objects: 100% (117455/117455), done.[K
remote: Compressing objects:   0% (1/32298)[Kremote: Compressing objects:   1% (323/32298)[Kremote: Compressing objects:   2% (646/32298)[Kremote: Compressing objects:   3% (969/32298)[Kremote: Compressing objects:   4% (1292/32298)[Kremote: Compressing objects:   5% (1615/32298)[Kremote: Compressing objects:   6% (1938/32298)[Kremote: Compressing objects:   7% (2261/32298)[Kremote: Compressing objects:   8% (2584/32298)[Kremote: Compressing objects:   9% (2907/32298)[Kremote: Compressing objects:  10% (3230/32298)[Kremote: Compressing objects:  11% (3553/32298)[Kremote: Compressing objects:  12% (3876/32298)[Kremote: Compressing objects:  13% (4199/32298)[Kremote: Compressing objects:  14% (4522/32298)[Kremote: Compressing objects:  15% (4845/32298)[Kremote: Compressing objects:  16% (5168/32298)[Kremote: Compressing objects:  17% (5491/32298)[Kremote: Compressing objects:  18% (5814/32298)[Kremote: Compressing objects:  19% (6137/32298)[Kremote: Compressing objects:  20% (6460/32298)[Kremote: Compressing objects:  21% (6783/32298)[Kremote: Compressing objects:  22% (7106/32298)[Kremote: Compressing objects:  23% (7429/32298)[Kremote: Compressing objects:  24% (7752/32298)[Kremote: Compressing objects:  25% (8075/32298)[Kremote: Compressing objects:  26% (8398/32298)[Kremote: Compressing objects:  27% (8721/32298)[Kremote: Compressing objects:  28% (9044/32298)[Kremote: Compressing objects:  29% (9367/32298)[Kremote: Compressing objects:  30% (9690/32298)[Kremote: Compressing objects:  31% (10013/32298)[Kremote: Compressing objects:  32% (10336/32298)[Kremote: Compressing objects:  33% (10659/32298)[Kremote: Compressing objects:  34% (10982/32298)[Kremote: Compressing objects:  35% (11305/32298)[Kremote: Compressing objects:  36% (11628/32298)[Kremote: Compressing objects:  37% (11951/32298)[Kremote: Compressing objects:  38% (12274/32298)[Kremote: Compressing objects:  39% (12597/32298)[Kremote: Compressing objects:  40% (12920/32298)[Kremote: Compressing objects:  41% (13243/32298)[Kremote: Compressing objects:  42% (13566/32298)[Kremote: Compressing objects:  43% (13889/32298)[Kremote: Compressing objects:  44% (14212/32298)[Kremote: Compressing objects:  45% (14535/32298)[Kremote: Compressing objects:  46% (14858/32298)[Kremote: Compressing objects:  47% (15181/32298)[Kremote: Compressing objects:  48% (15504/32298)[Kremote: Compressing objects:  49% (15827/32298)[Kremote: Compressing objects:  50% (16149/32298)[Kremote: Compressing objects:  51% (16472/32298)[Kremote: Compressing objects:  52% (16795/32298)[Kremote: Compressing objects:  53% (17118/32298)[Kremote: Compressing objects:  54% (17441/32298)[Kremote: Compressing objects:  55% (17764/32298)[Kremote: Compressing objects:  56% (18087/32298)[Kremote: Compressing objects:  57% (18410/32298)[Kremote: Compressing objects:  58% (18733/32298)[Kremote: Compressing objects:  59% (19056/32298)[Kremote: Compressing objects:  60% (19379/32298)[Kremote: Compressing objects:  61% (19702/32298)[Kremote: Compressing objects:  62% (20025/32298)[Kremote: Compressing objects:  63% (20348/32298)[Kremote: Compressing objects:  64% (20671/32298)[Kremote: Compressing objects:  65% (20994/32298)[Kremote: Compressing objects:  66% (21317/32298)[Kremote: Compressing objects:  67% (21640/32298)[Kremote: Compressing objects:  68% (21963/32298)[Kremote: Compressing objects:  69% (22286/32298)[Kremote: Compressing objects:  70% (22609/32298)[Kremote: Compressing objects:  71% (22932/32298)[Kremote: Compressing objects:  72% (23255/32298)[Kremote: Compressing objects:  73% (23578/32298)[Kremote: Compressing objects:  74% (23901/32298)[Kremote: Compressing objects:  75% (24224/32298)[Kremote: Compressing objects:  76% (24547/32298)[Kremote: Compressing objects:  77% (24870/32298)[Kremote: Compressing objects:  78% (25193/32298)[Kremote: Compressing objects:  79% (25516/32298)[Kremote: Compressing objects:  80% (25839/32298)[Kremote: Compressing objects:  81% (26162/32298)[Kremote: Compressing objects:  82% (26485/32298)[Kremote: Compressing objects:  83% (26808/32298)[Kremote: Compressing objects:  84% (27131/32298)[Kremote: Compressing objects:  85% (27454/32298)[Kremote: Compressing objects:  86% (27777/32298)[Kremote: Compressing objects:  87% (28100/32298)[Kremote: Compressing objects:  88% (28423/32298)[Kremote: Compressing objects:  89% (28746/32298)[Kremote: Compressing objects:  90% (29069/32298)[Kremote: Compressing objects:  91% (29392/32298)[Kremote: Compressing objects:  92% (29715/32298)[Kremote: Compressing objects:  93% (30038/32298)[Kremote: Compressing objects:  94% (30361/32298)[Kremote: Compressing objects:  95% (30684/32298)[Kremote: Compressing objects:  96% (31007/32298)[Kremote: Compressing objects:  97% (31330/32298)[Kremote: Compressing objects:  98% (31653/32298)[Kremote: Compressing objects:  99% (31976/32298)[Kremote: Compressing objects: 100% (32298/32298)[Kremote: Compressing objects: 100% (32298/32298), done.[K
Receiving objects:   0% (1/117455)Receiving objects:   1% (1175/117455)Receiving objects:   2% (2350/117455), 540.00 KiB | 1.05 MiB/sReceiving objects:   2% (3299/117455), 1.12 MiB | 1.12 MiB/s  Receiving objects:   3% (3524/117455), 1.12 MiB | 1.12 MiB/sReceiving objects:   4% (4699/117455), 1.12 MiB | 1.12 MiB/sReceiving objects:   5% (5873/117455), 1.98 MiB | 1.31 MiB/sReceiving objects:   6% (7048/117455), 1.98 MiB | 1.31 MiB/sReceiving objects:   7% (8222/117455), 1.98 MiB | 1.31 MiB/sReceiving objects:   7% (8593/117455), 1.98 MiB | 1.31 MiB/sReceiving objects:   8% (9397/117455), 2.78 MiB | 1.38 MiB/sReceiving objects:   9% (10571/117455), 2.78 MiB | 1.38 MiB/sReceiving objects:  10% (11746/117455), 2.78 MiB | 1.38 MiB/sReceiving objects:  11% (12921/117455), 3.62 MiB | 1.44 MiB/sReceiving objects:  12% (14095/117455), 3.62 MiB | 1.44 MiB/sReceiving objects:  13% (15270/117455), 3.62 MiB | 1.44 MiB/sReceiving objects:  13% (16260/117455), 4.51 MiB | 1.50 MiB/sReceiving objects:  14% (16444/117455), 4.51 MiB | 1.50 MiB/sReceiving objects:  15% (17619/117455), 4.51 MiB | 1.50 MiB/sReceiving objects:  16% (18793/117455), 4.51 MiB | 1.50 MiB/sReceiving objects:  17% (19968/117455), 4.51 MiB | 1.50 MiB/sReceiving objects:  18% (21142/117455), 5.43 MiB | 1.54 MiB/sReceiving objects:  18% (22150/117455), 6.03 MiB | 1.49 MiB/sReceiving objects:  19% (22317/117455), 6.03 MiB | 1.49 MiB/sReceiving objects:  20% (23491/117455), 6.03 MiB | 1.49 MiB/sReceiving objects:  21% (24666/117455), 6.41 MiB | 1.41 MiB/sReceiving objects:  21% (25681/117455), 6.41 MiB | 1.41 MiB/sReceiving objects:  22% (25841/117455), 6.82 MiB | 1.38 MiB/sReceiving objects:  22% (26898/117455), 7.17 MiB | 1.33 MiB/sReceiving objects:  22% (26924/117455), 7.82 MiB | 1.10 MiB/sReceiving objects:  22% (26966/117455), 8.63 MiB | 922.00 KiB/sReceiving objects:  23% (27015/117455), 9.97 MiB | 883.00 KiB/sReceiving objects:  23% (27416/117455), 11.37 MiB | 1021.00 KiB/sReceiving objects:  23% (27635/117455), 12.89 MiB | 1.19 MiB/s   Receiving objects:  23% (27781/117455), 14.27 MiB | 1.33 MiB/sReceiving objects:  24% (28190/117455), 15.32 MiB | 1.46 MiB/sReceiving objects:  25% (29364/117455), 16.46 MiB | 1.59 MiB/sReceiving objects:  25% (29757/117455), 16.46 MiB | 1.59 MiB/sReceiving objects:  26% (30539/117455), 18.08 MiB | 1.63 MiB/sReceiving objects:  26% (30915/117455), 18.08 MiB | 1.63 MiB/sReceiving objects:  27% (31713/117455), 18.71 MiB | 1.60 MiB/sReceiving objects:  27% (32817/117455), 19.54 MiB | 1.62 MiB/sReceiving objects:  28% (32888/117455), 19.54 MiB | 1.62 MiB/sReceiving objects:  28% (33264/117455), 20.59 MiB | 1.12 MiB/sReceiving objects:  29% (34062/117455), 22.02 MiB | 1.19 MiB/sReceiving objects:  29% (34534/117455), 22.02 MiB | 1.19 MiB/sReceiving objects:  29% (35020/117455), 22.99 MiB | 995.00 KiB/sReceiving objects:  29% (35148/117455), 23.07 MiB | 736.00 KiB/sReceiving objects:  30% (35237/117455), 23.07 MiB | 736.00 KiB/sReceiving objects:  31% (36412/117455), 23.07 MiB | 736.00 KiB/sReceiving objects:  31% (36651/117455), 23.07 MiB | 736.00 KiB/sReceiving objects:  32% (37586/117455), 23.75 MiB | 620.00 KiB/sReceiving objects:  33% (38761/117455), 23.75 MiB | 620.00 KiB/sReceiving objects:  33% (38885/117455), 23.75 MiB | 620.00 KiB/sReceiving objects:  33% (39478/117455), 24.91 MiB | 656.00 KiB/sReceiving objects:  33% (39558/117455), 25.17 MiB | 448.00 KiB/sReceiving objects:  33% (39855/117455), 25.31 MiB | 360.00 KiB/sReceiving objects:  33% (39862/117455), 25.50 MiB | 365.00 KiB/sReceiving objects:  34% (39935/117455), 25.50 MiB | 365.00 KiB/sReceiving objects:  35% (41110/117455), 25.50 MiB | 365.00 KiB/sReceiving objects:  35% (41373/117455), 26.73 MiB | 505.00 KiB/sReceiving objects:  35% (42253/117455), 27.21 MiB | 381.00 KiB/sReceiving objects:  36% (42284/117455), 27.21 MiB | 381.00 KiB/sReceiving objects:  37% (43459/117455), 27.57 MiB | 403.00 KiB/sReceiving objects:  37% (43840/117455), 28.05 MiB | 450.00 KiB/sReceiving objects:  38% (44633/117455), 28.05 MiB | 450.00 KiB/sReceiving objects:  39% (45808/117455), 28.51 MiB | 627.00 KiB/sReceiving objects:  39% (45946/117455), 29.09 MiB | 711.00 KiB/sReceiving objects:  40% (46982/117455), 29.09 MiB | 711.00 KiB/sReceiving objects:  41% (48157/117455), 29.65 MiB | 796.00 KiB/sReceiving objects:  41% (48502/117455), 30.11 MiB | 1.02 MiB/s  Receiving objects:  42% (49332/117455), 30.11 MiB | 1.02 MiB/sReceiving objects:  42% (49711/117455), 30.71 MiB | 847.00 KiB/sReceiving objects:  42% (50050/117455), 31.43 MiB | 865.00 KiB/sReceiving objects:  43% (50506/117455), 31.43 MiB | 865.00 KiB/sReceiving objects:  43% (50998/117455), 31.62 MiB | 793.00 KiB/sReceiving objects:  44% (51681/117455), 31.80 MiB | 729.00 KiB/sReceiving objects:  45% (52855/117455), 32.09 MiB | 665.00 KiB/sReceiving objects:  45% (53388/117455), 32.09 MiB | 665.00 KiB/sReceiving objects:  46% (54030/117455), 32.58 MiB | 648.00 KiB/sReceiving objects:  47% (55204/117455), 33.07 MiB | 654.00 KiB/sReceiving objects:  47% (55904/117455), 33.07 MiB | 654.00 KiB/sReceiving objects:  48% (56379/117455), 33.63 MiB | 693.00 KiB/sReceiving objects:  49% (57553/117455), 33.63 MiB | 693.00 KiB/sReceiving objects:  49% (58088/117455), 34.11 MiB | 757.00 KiB/sReceiving objects:  50% (58728/117455), 34.11 MiB | 757.00 KiB/sReceiving objects:  51% (59903/117455), 34.54 MiB | 765.00 KiB/sReceiving objects:  52% (61077/117455), 34.96 MiB | 788.00 KiB/sReceiving objects:  52% (62120/117455), 34.96 MiB | 788.00 KiB/sReceiving objects:  53% (62252/117455), 34.96 MiB | 788.00 KiB/sReceiving objects:  54% (63426/117455), 35.91 MiB | 925.00 KiB/sReceiving objects:  55% (64601/117455), 35.91 MiB | 925.00 KiB/sReceiving objects:  55% (65110/117455), 35.91 MiB | 925.00 KiB/sReceiving objects:  56% (65775/117455), 36.48 MiB | 989.00 KiB/sReceiving objects:  57% (66950/117455), 37.01 MiB | 998.00 KiB/sReceiving objects:  58% (68124/117455), 37.01 MiB | 998.00 KiB/sReceiving objects:  58% (68619/117455), 37.01 MiB | 998.00 KiB/sReceiving objects:  59% (69299/117455), 37.44 MiB | 985.00 KiB/sReceiving objects:  60% (70473/117455), 37.44 MiB | 985.00 KiB/sReceiving objects:  60% (71460/117455), 37.92 MiB | 965.00 KiB/sReceiving objects:  60% (71493/117455), 38.82 MiB | 961.00 KiB/sReceiving objects:  60% (71528/117455), 39.80 MiB | 983.00 KiB/sReceiving objects:  60% (71571/117455), 40.74 MiB | 957.00 KiB/sReceiving objects:  60% (71582/117455), 41.59 MiB | 934.00 KiB/sReceiving objects:  60% (71592/117455), 42.62 MiB | 962.00 KiB/sReceiving objects:  60% (71604/117455), 43.60 MiB | 527.00 KiB/sReceiving objects:  61% (71648/117455), 43.60 MiB | 527.00 KiB/sReceiving objects:  61% (72145/117455), 45.09 MiB | 668.00 KiB/sReceiving objects:  61% (72802/117455), 45.61 MiB | 492.00 KiB/sReceiving objects:  62% (72823/117455), 45.61 MiB | 492.00 KiB/sReceiving objects:  63% (73997/117455), 45.61 MiB | 492.00 KiB/sReceiving objects:  64% (75172/117455), 45.86 MiB | 455.00 KiB/sReceiving objects:  64% (75478/117455), 45.86 MiB | 455.00 KiB/sReceiving objects:  65% (76346/117455), 46.66 MiB | 444.00 KiB/sReceiving objects:  65% (76708/117455), 46.66 MiB | 444.00 KiB/sReceiving objects:  66% (77521/117455), 46.92 MiB | 431.00 KiB/sReceiving objects:  66% (78347/117455), 47.18 MiB | 661.00 KiB/sReceiving objects:  67% (78695/117455), 47.42 MiB | 428.00 KiB/sReceiving objects:  67% (79027/117455), 47.54 MiB | 399.00 KiB/sReceiving objects:  68% (79870/117455), 47.72 MiB | 469.00 KiB/sReceiving objects:  68% (80364/117455), 47.72 MiB | 469.00 KiB/sReceiving objects:  69% (81044/117455), 48.81 MiB | 656.00 KiB/sReceiving objects:  70% (82219/117455), 49.28 MiB | 627.00 KiB/sReceiving objects:  70% (82256/117455), 49.28 MiB | 627.00 KiB/sReceiving objects:  71% (83394/117455), 49.93 MiB | 722.00 KiB/sReceiving objects:  71% (84068/117455), 50.46 MiB | 781.00 KiB/sReceiving objects:  72% (84568/117455), 50.46 MiB | 781.00 KiB/sReceiving objects:  72% (85365/117455), 51.29 MiB | 825.00 KiB/sReceiving objects:  73% (85743/117455), 51.29 MiB | 825.00 KiB/sReceiving objects:  73% (86530/117455), 51.55 MiB | 848.00 KiB/sReceiving objects:  74% (86917/117455), 51.71 MiB | 880.00 KiB/sReceiving objects:  74% (87677/117455), 51.83 MiB | 667.00 KiB/sReceiving objects:  75% (88092/117455), 51.83 MiB | 667.00 KiB/sReceiving objects:  76% (89266/117455), 52.12 MiB | 628.00 KiB/sReceiving objects:  76% (90106/117455), 52.36 MiB | 534.00 KiB/sReceiving objects:  77% (90441/117455), 52.36 MiB | 534.00 KiB/sReceiving objects:  77% (91480/117455), 52.75 MiB | 429.00 KiB/sReceiving objects:  78% (91615/117455), 52.75 MiB | 429.00 KiB/sReceiving objects:  79% (92790/117455), 53.21 MiB | 468.00 KiB/sReceiving objects:  80% (93964/117455), 53.21 MiB | 468.00 KiB/sReceiving objects:  80% (94673/117455), 53.63 MiB | 519.00 KiB/sReceiving objects:  81% (95139/117455), 53.63 MiB | 519.00 KiB/sReceiving objects:  81% (96260/117455), 54.14 MiB | 534.00 KiB/sReceiving objects:  82% (96314/117455), 54.14 MiB | 534.00 KiB/sReceiving objects:  83% (97488/117455), 54.14 MiB | 534.00 KiB/sReceiving objects:  84% (98663/117455), 54.55 MiB | 597.00 KiB/sReceiving objects:  84% (99522/117455), 54.89 MiB | 611.00 KiB/sReceiving objects:  85% (99837/117455), 54.89 MiB | 611.00 KiB/sReceiving objects:  86% (101012/117455), 55.21 MiB | 633.00 KiB/sReceiving objects:  87% (102186/117455), 55.21 MiB | 633.00 KiB/sReceiving objects:  87% (102238/117455), 55.21 MiB | 633.00 KiB/sReceiving objects:  88% (103361/117455), 55.75 MiB | 718.00 KiB/sReceiving objects:  89% (104535/117455), 56.29 MiB | 786.00 KiB/sReceiving objects:  90% (105710/117455), 56.29 MiB | 786.00 KiB/sReceiving objects:  90% (106382/117455), 56.29 MiB | 786.00 KiB/sReceiving objects:  91% (106885/117455), 56.71 MiB | 778.00 KiB/sReceiving objects:  92% (108059/117455), 56.71 MiB | 778.00 KiB/sReceiving objects:  93% (109234/117455), 57.05 MiB | 759.00 KiB/sReceiving objects:  94% (110408/117455), 57.05 MiB | 759.00 KiB/sReceiving objects:  94% (111073/117455), 57.05 MiB | 759.00 KiB/sReceiving objects:  95% (111583/117455), 57.53 MiB | 814.00 KiB/sReceiving objects:  96% (112757/117455), 57.53 MiB | 814.00 KiB/sReceiving objects:  97% (113932/117455), 57.53 MiB | 814.00 KiB/sReceiving objects:  97% (114820/117455), 58.07 MiB | 873.00 KiB/sReceiving objects:  98% (115106/117455), 58.46 MiB | 865.00 KiB/sReceiving objects:  99% (116281/117455), 58.84 MiB | 873.00 KiB/sremote: Total 117455 (delta 83357), reused 117249 (delta 83178), pack-reused 0[K
Receiving objects: 100% (117455/117455), 58.84 MiB | 873.00 KiB/sReceiving objects: 100% (117455/117455), 59.21 MiB | 819.00 KiB/s, done.
Resolving deltas:   0% (0/83357)Resolving deltas:   1% (835/83357)Resolving deltas:   2% (2297/83357)Resolving deltas:   3% (2507/83357)Resolving deltas:   4% (3417/83357)Resolving deltas:   5% (4253/83357)Resolving deltas:   6% (5002/83357)Resolving deltas:   7% (5842/83357)Resolving deltas:   8% (6676/83357)Resolving deltas:   9% (7612/83357)Resolving deltas:  10% (8364/83357)Resolving deltas:  11% (9200/83357)Resolving deltas:  12% (10028/83357)Resolving deltas:  13% (10838/83357)Resolving deltas:  14% (11732/83357)Resolving deltas:  15% (12557/83357)Resolving deltas:  16% (13421/83357)Resolving deltas:  17% (14445/83357)Resolving deltas:  18% (15052/83357)Resolving deltas:  19% (15873/83357)Resolving deltas:  20% (16678/83357)Resolving deltas:  21% (17511/83357)Resolving deltas:  22% (18380/83357)Resolving deltas:  23% (19194/83357)Resolving deltas:  24% (20125/83357)Resolving deltas:  25% (20869/83357)Resolving deltas:  26% (21708/83357)Resolving deltas:  27% (22514/83357)Resolving deltas:  28% (23342/83357)Resolving deltas:  29% (24231/83357)Resolving deltas:  30% (25034/83357)Resolving deltas:  31% (25941/83357)Resolving deltas:  32% (26679/83357)Resolving deltas:  33% (27509/83357)Resolving deltas:  34% (28350/83357)Resolving deltas:  35% (29225/83357)Resolving deltas:  36% (30242/83357)Resolving deltas:  37% (30873/83357)Resolving deltas:  38% (31750/83357)Resolving deltas:  39% (32784/83357)Resolving deltas:  40% (33407/83357)Resolving deltas:  41% (34233/83357)Resolving deltas:  42% (35024/83357)Resolving deltas:  43% (35874/83357)Resolving deltas:  44% (36818/83357)Resolving deltas:  45% (37934/83357)Resolving deltas:  46% (38348/83357)Resolving deltas:  47% (39225/83357)Resolving deltas:  48% (40080/83357)Resolving deltas:  49% (40888/83357)Resolving deltas:  50% (41780/83357)Resolving deltas:  51% (42532/83357)Resolving deltas:  52% (43885/83357)Resolving deltas:  53% (44295/83357)Resolving deltas:  54% (45190/83357)Resolving deltas:  55% (46048/83357)Resolving deltas:  56% (46694/83357)Resolving deltas:  57% (47700/83357)Resolving deltas:  58% (48369/83357)Resolving deltas:  59% (49182/83357)Resolving deltas:  60% (50051/83357)Resolving deltas:  61% (50856/83357)Resolving deltas:  62% (51682/83357)Resolving deltas:  63% (52625/83357)Resolving deltas:  64% (53392/83357)Resolving deltas:  65% (54210/83357)Resolving deltas:  65% (54675/83357)Resolving deltas:  66% (55029/83357)Resolving deltas:  67% (55860/83357)Resolving deltas:  68% (56698/83357)Resolving deltas:  69% (57521/83357)Resolving deltas:  70% (58354/83357)Resolving deltas:  71% (59189/83357)Resolving deltas:  72% (60038/83357)Resolving deltas:  73% (60878/83357)Resolving deltas:  74% (61705/83357)Resolving deltas:  75% (62537/83357)Resolving deltas:  76% (63384/83357)Resolving deltas:  77% (64531/83357)Resolving deltas:  78% (65019/83357)Resolving deltas:  79% (65863/83357)Resolving deltas:  80% (66693/83357)Resolving deltas:  81% (67725/83357)Resolving deltas:  81% (67989/83357)Resolving deltas:  82% (68384/83357)Resolving deltas:  83% (69360/83357)Resolving deltas:  84% (70036/83357)Resolving deltas:  85% (71034/83357)Resolving deltas:  86% (71707/83357)Resolving deltas:  87% (72549/83357)Resolving deltas:  88% (73412/83357)Resolving deltas:  89% (74234/83357)Resolving deltas:  90% (75034/83357)Resolving deltas:  91% (75864/83357)Resolving deltas:  92% (76702/83357)Resolving deltas:  93% (77528/83357)Resolving deltas:  94% (78372/83357)Resolving deltas:  94% (78604/83357)Resolving deltas:  95% (79191/83357)Resolving deltas:  96% (80098/83357)Resolving deltas:  97% (80858/83357)Resolving deltas:  98% (81838/83357)Resolving deltas:  99% (82537/83357)Resolving deltas: 100% (83357/83357)Resolving deltas: 100% (83357/83357), done.
]0;sakshi@TIGER0752: ~/home/user/my_project[01;32msakshi@TIGER0752[00m:[01;34m~/home/user/my_project[00m$ ls
[0m[01;34mlibgit2[0m  sample.c  sample.txt
]0;sakshi@TIGER0752: ~/home/user/my_project[01;32msakshi@TIGER0752[00m:[01;34m~/home/user/my_project[00m$ git status
On branch master
Untracked files:
  (use "git add <file>..." to include in what will be committed)
	[31mlibgit2/[m
	[31msample.txt[m

nothing added to commit but untracked files present (use "git add" to track)
]0;sakshi@TIGER0752: ~/home/user/my_project[01;32msakshi@TIGER0752[00m:[01;34m~/home/user/my_project[00m$ echo 'My Project' > README
]0;sakshi@TIGER0752: ~/home/user/my_project[01;32msakshi@TIGER0752[00m:[01;34m~/home/user/my_project[00m$ git status
On branch master
Untracked files:
  (use "git add <file>..." to include in what will be committed)
	[31mREADME[m
	[31mlibgit2/[m
	[31msample.txt[m

nothing added to commit but untracked files present (use "git add" to track)
]0;sakshi@TIGER0752: ~/home/user/my_project[01;32msakshi@TIGER0752[00m:[01;34m~/home/user/my_project[00m$ git add README
]0;sakshi@TIGER0752: ~/home/user/my_project[01;32msakshi@TIGER0752[00m:[01;34m~/home/user/my_project[00m$ rm sample.txt
]0;sakshi@TIGER0752: ~/home/user/my_project[01;32msakshi@TIGER0752[00m:[01;34m~/home/user/my_project[00m$ rm sample.txtgit add README[4Pstatus
On branch master
Changes to be committed:
  (use "git restore --staged <file>..." to unstage)
	[32mnew file:   README[m

Untracked files:
  (use "git add <file>..." to include in what will be committed)
	[31mlibgit2/[m

]0;sakshi@TIGER0752: ~/home/user/my_project[01;32msakshi@TIGER0752[00m:[01;34m~/home/user/my_project[00m$ git status
On branch master
Changes to be committed:
  (use "git restore --staged <file>..." to unstage)
	[32mnew file:   README[m

Untracked files:
  (use "git add <file>..." to include in what will be committed)
	[31mlibgit2/[m

]0;sakshi@TIGER0752: ~/home/user/my_project[01;32msakshi@TIGER0752[00m:[01;34m~/home/user/my_project[00m$ ls
README  [0m[01;34mlibgit2[0m  sample.c
]0;sakshi@TIGER0752: ~/home/user/my_project[01;32msakshi@TIGER0752[00m:[01;34m~/home/user/my_project[00m$ touch samole.c
]0;sakshi@TIGER0752: ~/home/user/my_project[01;32msakshi@TIGER0752[00m:[01;34m~/home/user/my_project[00m$ lstouch samole.cls[Kgit status
On branch master
Changes to be committed:
  (use "git restore --staged <file>..." to unstage)
	[32mnew file:   README[m

Untracked files:
  (use "git add <file>..." to include in what will be committed)
	[31mlibgit2/[m
	[31msamole.c[m

]0;sakshi@TIGER0752: ~/home/user/my_project[01;32msakshi@TIGER0752[00m:[01;34m~/home/user/my_project[00m$ git statustouch samole.c[1Ple.cple.c
]0;sakshi@TIGER0752: ~/home/user/my_project[01;32msakshi@TIGER0752[00m:[01;34m~/home/user/my_project[00m$ touch sample.c[4Pgit status
On branch master
Changes to be committed:
  (use "git restore --staged <file>..." to unstage)
	[32mnew file:   README[m

Untracked files:
  (use "git add <file>..." to include in what will be committed)
	[31mlibgit2/[m
	[31msamole.c[m

]0;sakshi@TIGER0752: ~/home/user/my_project[01;32msakshi@TIGER0752[00m:[01;34m~/home/user/my_project[00m$ git add samole.c 
]0;sakshi@TIGER0752: ~/home/user/my_project[01;32msakshi@TIGER0752[00m:[01;34m~/home/user/my_project[00m$ git add samole.c [7Pstatustouch sample.c[4Pgit statustouch sample.c[4Pgit status[K[K[K[K[K[Kadd libgit2/
warning: adding embedded git repository: libgit2
[33mhint: You've added another git repository inside your current repository.[m
[33mhint: Clones of the outer repository will not contain the contents of[m
[33mhint: the embedded repository and will not know how to obtain it.[m
[33mhint: If you meant to add a submodule, use:[m
[33mhint: [m
[33mhint: 	git submodule add <url> libgit2[m
[33mhint: [m
[33mhint: If you added this path by mistake, you can remove it from the[m
[33mhint: index with:[m
[33mhint: [m
[33mhint: 	git rm --cached libgit2[m
[33mhint: [m
[33mhint: See "git help submodule" for more information.[m
]0;sakshi@TIGER0752: ~/home/user/my_project[01;32msakshi@TIGER0752[00m:[01;34m~/home/user/my_project[00m$ git add libgit2/samole.c [7Pstatus
On branch master
Changes to be committed:
  (use "git restore --staged <file>..." to unstage)
	[32mnew file:   README[m
	[32mnew file:   libgit2[m
	[32mnew file:   samole.c[m

]0;sakshi@TIGER0752: ~/home/user/my_project[01;32msakshi@TIGER0752[00m:[01;34m~/home/user/my_project[00m$ vim sample.c 
[?1049h[22;0;0t[>4;2m[?1h=[?2004h[1;40r[?12h[?12l[22;2t[22;1t[27m[23m[29m[m[H[2J[?25l[40;1H"sample.c" 0L, 0C[2;1H▽[6n[2;1H  [1;1H[>c]10;?]11;?[2;1H[94m~                                                                                                                                                                           [3;1H~                                                                                                                                                                           [4;1H~                                                                                                                                                                           [5;1H~                                                                                                                                                                           [6;1H~                                                                                                                                                                           [7;1H~                                                                                                                                                                           [8;1H~                                                                                                                                                                           [9;1H~                                                                                                                                                                           [10;1H~                                                                                                                                                                           [11;1H~                                                                                                                                                                           [12;1H~                                                                                                                                                                           [13;1H~                                                                                                                                                                           [14;1H~                                                                                                                                                                           [15;1H~                                                                                                                                                                           [16;1H~                                                                                                                                                                           [17;1H~                                                                                                                                                                           [18;1H~                                                                                                                                                                           [19;1H~                                                                                                                                                                           [20;1H~                                                                                                                                                                           [21;1H~                                                                                                                                                                           [22;1H~                                                                                                                                                                           [23;1H~                                                                                                                                                                           [24;1H~                                                                                                                                                                           [25;1H~                                                                                                                                                                           [26;1H~                                                                                                                                                                           [27;1H~                                                                                                                                                                           [28;1H~                                                                                                                                                                           [29;1H~                                                                                                                                                                           [30;1H~                                                                                                                                                                           [31;1H~                                                                                                                                                                           [32;1H~                                                                                                                                                                           [33;1H~                                                                                                                                                                           [34;1H~                                                                                                                                                                           [35;1H~                                                                                                                                                                           [36;1H~                                                                                                                                                                           [37;1H~                                                                                                                                                                           [38;1H~                                                                                                                                                                           [39;1H~                                                                                                                                                                           [m[40;155H0,0-1[9CAll[1;1H[?25h[?25l[40;145H^[[1;1H[40;147H[[1;1H[40;148H>[1;1H[40;149H0[1;1H[40;150H;[1;1H[40;151H1[1;1H[40;152H0[1;1H[40;153H;[1;1H[40;145H         [1;1H[?25h[?25l[40;145H:[1;1H[40;1H[K[40;1H:[?2004h[?25hq[?25l[?2004l[23;2t[23;1t[40;1H[K[40;1H[?2004l[?1l>[?25h[>4;m[?1049l[23;0;0t]0;sakshi@TIGER0752: ~/home/user/my_project[01;32msakshi@TIGER0752[00m:[01;34m~/home/user/my_project[00m$ vim sample.c [3Pgit status
On branch master
Changes to be committed:
  (use "git restore --staged <file>..." to unstage)
	[32mnew file:   README[m
	[32mnew file:   libgit2[m
	[32mnew file:   samole.c[m

]0;sakshi@TIGER0752: ~/home/user/my_project[01;32msakshi@TIGER0752[00m:[01;34m~/home/user/my_project[00m$ git statusvim sample.c 
[?1049h[22;0;0t[>4;2m[?1h=[?2004h[1;40r[?12h[?12l[22;2t[22;1t[27m[23m[29m[m[H[2J[?25l[40;1H"sample.c" 0L, 0C[2;1H▽[6n[2;1H  [1;1H[>c]10;?]11;?[2;1H[94m~                                                                                                                                                                           [3;1H~                                                                                                                                                                           [4;1H~                                                                                                                                                                           [5;1H~                                                                                                                                                                           [6;1H~                                                                                                                                                                           [7;1H~                                                                                                                                                                           [8;1H~                                                                                                                                                                           [9;1H~                                                                                                                                                                           [10;1H~                                                                                                                                                                           [11;1H~                                                                                                                                                                           [12;1H~                                                                                                                                                                           [13;1H~                                                                                                                                                                           [14;1H~                                                                                                                                                                           [15;1H~                                                                                                                                                                           [16;1H~                                                                                                                                                                           [17;1H~                                                                                                                                                                           [18;1H~                                                                                                                                                                           [19;1H~                                                                                                                                                                           [20;1H~                                                                                                                                                                           [21;1H~                                                                                                                                                                           [22;1H~                                                                                                                                                                           [23;1H~                                                                                                                                                                           [24;1H~                                                                                                                                                                           [25;1H~                                                                                                                                                                           [26;1H~                                                                                                                                                                           [27;1H~                                                                                                                                                                           [28;1H~                                                                                                                                                                           [29;1H~                                                                                                                                                                           [30;1H~                                                                                                                                                                           [31;1H~                                                                                                                                                                           [32;1H~                                                                                                                                                                           [33;1H~                                                                                                                                                                           [34;1H~                                                                                                                                                                           [35;1H~                                                                                                                                                                           [36;1H~                                                                                                                                                                           [37;1H~                                                                                                                                                                           [38;1H~                                                                                                                                                                           [39;1H~                                                                                                                                                                           [m[40;155H0,0-1[9CAll[1;1H[?25h[?25l[40;145H^[[1;1H[40;147H[[1;1H[40;148H>[1;1H[40;149H0[1;1H[40;150H;[1;1H[40;151H1[1;1H[40;152H0[1;1H[40;153H;[1;1H[40;145H         [1;1H[?25h[?25l[40;145Hs[1;1H[40;145H [1;1H[40;145Hcl[1;1H[40;145H  [1;1H[40;1H[1m-- INSERT --[m[40;13H[K[40;155H0,1[11CAll[1;1H[?25h[?25lb[40;155H1,2[1;2H[?25h[?25ld[40;157H3[1;3H[?25h[?25ld[40;157H4[1;4H[?25h[?25ls[40;157H5[1;5H[?25h[?25ld[40;157H6[1;6H[?25h[?25lj[40;157H7[1;7H[?25h[?25l[38;5;130mbddsdj[m:[40;157H8[1;8H[?25h[?25lbddsdj[1;7H[K[40;157H7[1;7H[?25h[40;1H[K[1;6H[?25l[40;145H^[[1;6H[40;145H  [1;7H[40;155H1,6[11CAll[1;6H[?25h[?25l[40;145H:[1;6H[40;145H[K[40;1H:[?2004h[?25hWq[?25l[40;3H[K[40;3H[?25h[?25l[40;2H[K[40;2H[?25hwq[?25l[?2004l"sample.c" 1L, 7C written[23;2t[23;1t
[?2004l[?1l>[?25h[>4;m[?1049l[23;0;0t]0;sakshi@TIGER0752: ~/home/user/my_project[01;32msakshi@TIGER0752[00m:[01;34m~/home/user/my_project[00m$ vim sample.c [3Pgit status
On branch master
Changes to be committed:
  (use "git restore --staged <file>..." to unstage)
	[32mnew file:   README[m
	[32mnew file:   libgit2[m
	[32mnew file:   samole.c[m

Changes not staged for commit:
  (use "git add <file>..." to update what will be committed)
  (use "git restore <file>..." to discard changes in working directory)
	[31mmodified:   sample.c[m

]0;sakshi@TIGER0752: ~/home/user/my_project[01;32msakshi@TIGER0752[00m:[01;34m~/home/user/my_project[00m$ git add sample.c 
]0;sakshi@TIGER0752: ~/home/user/my_project[01;32msakshi@TIGER0752[00m:[01;34m~/home/user/my_project[00m$ git add sample.c [7Pstatus
On branch master
Changes to be committed:
  (use "git restore --staged <file>..." to unstage)
	[32mnew file:   README[m
	[32mnew file:   libgit2[m
	[32mnew file:   samole.c[m
	[32mmodified:   sample.c[m

]0;sakshi@TIGER0752: ~/home/user/my_project[01;32msakshi@TIGER0752[00m:[01;34m~/home/user/my_project[00m$ git status -s
[32mA[m  README
[32mA[m  libgit2
[32mA[m  samole.c
[32mM[m  sample.c
]0;sakshi@TIGER0752: ~/home/user/my_project[01;32msakshi@TIGER0752[00m:[01;34m~/home/user/my_project[00m$ cat .gitignore
cat: .gitignore: No such file or directory
]0;sakshi@TIGER0752: ~/home/user/my_project[01;32msakshi@TIGER0752[00m:[01;34m~/home/user/my_project[00m$ git diff
[?1h=[K[?1l>]0;sakshi@TIGER0752: ~/home/user/my_project[01;32msakshi@TIGER0752[00m:[01;34m~/home/user/my_project[00m$ git diff --staged
[?1h=[1mdiff --git a/README b/README[m[m
[1mnew file mode 100644[m[m
[1mindex 0000000..56266d3[m[m
[1m--- /dev/null[m[m
[1m+++ b/README[m[m
[36m@@ -0,0 +1 @@[m[m
[32m+[m[32mMy Project[m[m
[1mdiff --git a/libgit2 b/libgit2[m[m
[1mnew file mode 160000[m[m
[1mindex 0000000..3847522[m[m
[1m--- /dev/null[m[m
[1m+++ b/libgit2[m[m
[36m@@ -0,0 +1 @@[m[m
[32m+[m[32mSubproject commit 3847522e86e9c65be674f1372cefefdbfbe9ba2b[m[m
[1mdiff --git a/samole.c b/samole.c[m[m
[1mnew file mode 100644[m[m
[1mindex 0000000..e69de29[m[m
[1mdiff --git a/sample.c b/sample.c[m[m
[1mindex e69de29..1deb52e 100644[m[m
[1m--- a/sample.c[m[m
[1m+++ b/sample.c[m[m
[36m@@ -0,0 +1 @@[m[m
[32m+[m[32mbddsdj[m[m
[K[?1l>]0;sakshi@TIGER0752: ~/home/user/my_project[01;32msakshi@TIGER0752[00m:[01;34m~/home/user/my_project[00m$ git commit
hint: Waiting for your editor to close the file... 'C:/Program Files/Notepad++/notepad++.exe' -multiInst -notabbar -nosession -noPlugin: 1: C:/Program Files/Notepad++/notepad++.exe: not found
error: There was a problem with the editor ''C:/Program Files/Notepad++/notepad++.exe' -multiInst -notabbar -nosession -noPlugin'.
Please supply the message using either -m or -F option.
]0;sakshi@TIGER0752: ~/home/user/my_project[01;32msakshi@TIGER0752[00m:[01;34m~/home/user/my_project[00m$ ls
README  [0m[01;34mlibgit2[0m  samole.c  sample.c
]0;sakshi@TIGER0752: ~/home/user/my_project[01;32msakshi@TIGER0752[00m:[01;34m~/home/user/my_project[00m$ git commit -m "Story 182: fix benchmarks for speed"
[master fd124ad] Story 182: fix benchmarks for speed
 4 files changed, 3 insertions(+)
 create mode 100644 README
 create mode 160000 libgit2
 create mode 100644 samole.c
]0;sakshi@TIGER0752: ~/home/user/my_project[01;32msakshi@TIGER0752[00m:[01;34m~/home/user/my_project[00m$ git status
On branch master
nothing to commit, working tree clean
]0;sakshi@TIGER0752: ~/home/user/my_project[01;32msakshi@TIGER0752[00m:[01;34m~/home/user/my_project[00m$ ls
README  [0m[01;34mlibgit2[0m  samole.c  sample.c
]0;sakshi@TIGER0752: ~/home/user/my_project[01;32msakshi@TIGER0752[00m:[01;34m~/home/user/my_project[00m$ rm samole.c 
]0;sakshi@TIGER0752: ~/home/user/my_project[01;32msakshi@TIGER0752[00m:[01;34m~/home/user/my_project[00m$ rm samole.c ls[Kgit status
On branch master
Changes not staged for commit:
  (use "git add/rm <file>..." to update what will be committed)
  (use "git restore <file>..." to discard changes in working directory)
	[31mdeleted:    samole.c[m

no changes added to commit (use "git add" and/or "git commit -a")
]0;sakshi@TIGER0752: ~/home/user/my_project[01;32msakshi@TIGER0752[00m:[01;34m~/home/user/my_project[00m$ git statusrm samole.c [1@g[1@i[1@t[1@ 
rm 'samole.c'
]0;sakshi@TIGER0752: ~/home/user/my_project[01;32msakshi@TIGER0752[00m:[01;34m~/home/user/my_project[00m$ git rm samole.c [6Pstatus
On branch master
Changes to be committed:
  (use "git restore --staged <file>..." to unstage)
	[32mdeleted:    samole.c[m

]0;sakshi@TIGER0752: ~/home/user/my_project[01;32msakshi@TIGER0752[00m:[01;34m~/home/user/my_project[00m$ git clone https://github.com/schacon/simplegit-progit
Cloning into 'simplegit-progit'...
remote: Enumerating objects: 13, done.[K
remote: Total 13 (delta 0), reused 0 (delta 0), pack-reused 13[K
Unpacking objects:   7% (1/13)Unpacking objects:  15% (2/13)Unpacking objects:  23% (3/13)Unpacking objects:  30% (4/13)Unpacking objects:  38% (5/13)Unpacking objects:  46% (6/13)Unpacking objects:  53% (7/13)Unpacking objects:  61% (8/13)Unpacking objects:  69% (9/13)Unpacking objects:  76% (10/13)Unpacking objects:  84% (11/13)Unpacking objects:  92% (12/13)Unpacking objects: 100% (13/13)Unpacking objects: 100% (13/13), 1.55 KiB | 528.00 KiB/s, done.
]0;sakshi@TIGER0752: ~/home/user/my_project[01;32msakshi@TIGER0752[00m:[01;34m~/home/user/my_project[00m$ git log
[?1h=[33mcommit fd124ade1ede47f5ac2bde76ec2fe58c8a4bf9ac[m[33m ([m[1;36mHEAD -> [m[1;32mmaster[m[33m)[m[m
Author: Sakshi Gupta <sakshi.gupta3796@tigeranalytics.com>[m
Date:   Fri Jun 24 18:05:56 2022 +0530[m
[m
    Story 182: fix benchmarks for speed[m
[m
[33mcommit 4b936f4090d32a8d7e70bf6b845d758a7cd2062d[m[m
Author: Sakshi Gupta <sakshi.gupta3796@tigeranalytics.com>[m
Date:   Fri Jun 24 17:38:23 2022 +0530[m
[m
    Initial project version[m
[K[?1l>]0;sakshi@TIGER0752: ~/home/user/my_project[01;32msakshi@TIGER0752[00m:[01;34m~/home/user/my_project[00m$ git log -p -2
[?1h=[33mcommit fd124ade1ede47f5ac2bde76ec2fe58c8a4bf9ac[m[33m ([m[1;36mHEAD -> [m[1;32mmaster[m[33m)[m[m
Author: Sakshi Gupta <sakshi.gupta3796@tigeranalytics.com>[m
Date:   Fri Jun 24 18:05:56 2022 +0530[m
[m
    Story 182: fix benchmarks for speed[m
[m
[1mdiff --git a/README b/README[m[m
[1mnew file mode 100644[m[m
[1mindex 0000000..56266d3[m[m
[1m--- /dev/null[m[m
[1m+++ b/README[m[m
[36m@@ -0,0 +1 @@[m[m
[32m+[m[32mMy Project[m[m
[1mdiff --git a/libgit2 b/libgit2[m[m
[1mnew file mode 160000[m[m
[1mindex 0000000..3847522[m[m
[1m--- /dev/null[m[m
[1m+++ b/libgit2[m[m
[36m@@ -0,0 +1 @@[m[m
[32m+[m[32mSubproject commit 3847522e86e9c65be674f1372cefefdbfbe9ba2b[m[m
[1mdiff --git a/samole.c b/samole.c[m[m
[1mnew file mode 100644[m[m
[1mindex 0000000..e69de29[m[m
[1mdiff --git a/sample.c b/sample.c[m[m
[1mindex e69de29..1deb52e 100644[m[m
[1m--- a/sample.c[m[m
[1m+++ b/sample.c[m[m
[36m@@ -0,0 +1 @@[m[m
[32m+[m[32mbddsdj[m[m
[m
[33mcommit 4b936f4090d32a8d7e70bf6b845d758a7cd2062d[m[m
Author: Sakshi Gupta <sakshi.gupta3796@tigeranalytics.com>[m
Date:   Fri Jun 24 17:38:23 2022 +0530[m
[m
    Initial project version[m
[m
[1mdiff --git a/sample.c b/sample.c[m[m
[1mnew file mode 100644[m[m
[1mindex 0000000..e69de29[m[m
:[K[K[K[?1l>]0;sakshi@TIGER0752: ~/home/user/my_project[01;32msakshi@TIGER0752[00m:[01;34m~/home/user/my_project[00m$ git log --stat
[?1h=[33mcommit fd124ade1ede47f5ac2bde76ec2fe58c8a4bf9ac[m[33m ([m[1;36mHEAD -> [m[1;32mmaster[m[33m)[m[m
Author: Sakshi Gupta <sakshi.gupta3796@tigeranalytics.com>[m
Date:   Fri Jun 24 18:05:56 2022 +0530[m
[m
    Story 182: fix benchmarks for speed[m
[m
 README   | 1 [32m+[m[m
 libgit2  | 1 [32m+[m[m
 samole.c | 0[m
 sample.c | 1 [32m+[m[m
 4 files changed, 3 insertions(+)[m
[m
[33mcommit 4b936f4090d32a8d7e70bf6b845d758a7cd2062d[m[m
Author: Sakshi Gupta <sakshi.gupta3796@tigeranalytics.com>[m
Date:   Fri Jun 24 17:38:23 2022 +0530[m
[m
    Initial project version[m
[m
 sample.c | 0[m
 1 file changed, 0 insertions(+), 0 deletions(-)[m
[K[?1l>]0;sakshi@TIGER0752: ~/home/user/my_project[01;32msakshi@TIGER0752[00m:[01;34m~/home/user/my_project[00m$ git log --pretty=oneline
[?1h=[33mfd124ade1ede47f5ac2bde76ec2fe58c8a4bf9ac[m[33m ([m[1;36mHEAD -> [m[1;32mmaster[m[33m)[m Story 182: fix benchmarks for speed[m
[33m4b936f4090d32a8d7e70bf6b845d758a7cd2062d[m Initial project version[m
[K[?1l>]0;sakshi@TIGER0752: ~/home/user/my_project[01;32msakshi@TIGER0752[00m:[01;34m~/home/user/my_project[00m$ git log --pretty=format:"%h - %an, %ar : %s"
[?1h=fd124ad - Sakshi Gupta, 11 minutes ago : Story 182: fix benchmarks for speed[m
4b936f4 - Sakshi Gupta, 38 minutes ago : Initial project version[m
[K[?1l>]0;sakshi@TIGER0752: ~/home/user/my_project[01;32msakshi@TIGER0752[00m:[01;34m~/home/user/my_project[00m$ git log --pretty=format:"%h %s" --graph
[?1h=* fd124ad Story 182: fix benchmarks for speed[m
* 4b936f4 Initial project version[m
[K[?1l>]0;sakshi@TIGER0752: ~/home/user/my_project[01;32msakshi@TIGER0752[00m:[01;34m~/home/user/my_project[00m$ git log --since=2.weeks
[?1h=[33mcommit fd124ade1ede47f5ac2bde76ec2fe58c8a4bf9ac[m[33m ([m[1;36mHEAD -> [m[1;32mmaster[m[33m)[m[m
Author: Sakshi Gupta <sakshi.gupta3796@tigeranalytics.com>[m
Date:   Fri Jun 24 18:05:56 2022 +0530[m
[m
    Story 182: fix benchmarks for speed[m
[m
[33mcommit 4b936f4090d32a8d7e70bf6b845d758a7cd2062d[m[m
Author: Sakshi Gupta <sakshi.gupta3796@tigeranalytics.com>[m
Date:   Fri Jun 24 17:38:23 2022 +0530[m
[m
    Initial project version[m
[K[?1l>]0;sakshi@TIGER0752: ~/home/user/my_project[01;32msakshi@TIGER0752[00m:[01;34m~/home/user/my_project[00m$ git log -S function_name
[?1h=[K[?1l>]0;sakshi@TIGER0752: ~/home/user/my_project[01;32msakshi@TIGER0752[00m:[01;34m~/home/user/my_project[00m$ git log -- path/to/file
[?1h=[K[?1l>]0;sakshi@TIGER0752: ~/home/user/my_project[01;32msakshi@TIGER0752[00m:[01;34m~/home/user/my_project[00m$ ls
README  [0m[01;34mlibgit2[0m  sample.c  [01;34msimplegit-progit[0m
]0;sakshi@TIGER0752: ~/home/user/my_project[01;32msakshi@TIGER0752[00m:[01;34m~/home/user/my_project[00m$ exit
exit

Script done on 2022-06-24 20:07:18+05:30 [COMMAND_EXIT_CODE="0"]
